// Bun Snapshot v1, https://bun.sh/docs/test/snapshots

exports[`rate-limit golden resolution every route × API version resolves to the recorded layers 1`] = `
{
  "GET /v1/check": [
    {
      "layers": [
        {
          "counted": "allPods",
          "key": "general:org_golden:live",
          "keyWithoutCustomerId": "general:org_golden:live",
          "limit": 25,
          "name": "general",
          "overLimit": "reject",
          "overrideKey": "general",
          "runsWithoutCustomerId": true,
          "scope": "perOrg",
          "windowMs": 1000,
        },
      ],
      "skipsTestsOrg": false,
      "versions": "2.4.0, 2.3.0, 2.2.0, 2.1.0, 2.0.0, beta, 1.2.0, 1.1.0, 0.2.0, 0.1.0, none",
    },
  ],
  "GET /v1/customers": [
    {
      "layers": [
        {
          "counted": "allPods",
          "key": "list_customers:org_golden:live",
          "keyWithoutCustomerId": "list_customers:org_golden:live",
          "limit": 5,
          "name": "list_customers",
          "overLimit": "reject",
          "overrideKey": "list_customers",
          "runsWithoutCustomerId": true,
          "scope": "perOrg",
          "windowMs": 1000,
        },
      ],
      "skipsTestsOrg": false,
      "versions": "2.4.0, none",
    },
    {
      "layers": [
        {
          "counted": "allPods",
          "key": "list_customers:org_golden:live:v2.3.0",
          "keyWithoutCustomerId": "list_customers:org_golden:live:v2.3.0",
          "limit": 50,
          "name": "list_customers",
          "overLimit": "reject",
          "overrideKey": "list_customers",
          "runsWithoutCustomerId": true,
          "scope": "perOrg",
          "windowMs": 1000,
        },
      ],
      "skipsTestsOrg": false,
      "versions": "2.3.0",
    },
    {
      "layers": [
        {
          "counted": "allPods",
          "key": "list_customers:org_golden:live:v2.2.0",
          "keyWithoutCustomerId": "list_customers:org_golden:live:v2.2.0",
          "limit": 5,
          "name": "list_customers",
          "overLimit": "reject",
          "overrideKey": "list_customers",
          "runsWithoutCustomerId": true,
          "scope": "perOrg",
          "windowMs": 1000,
        },
      ],
      "skipsTestsOrg": false,
      "versions": "2.2.0, 2.1.0, 2.0.0, beta, 1.2.0, 1.1.0, 0.2.0, 0.1.0",
    },
  ],
  "GET /v1/customers/cus_golden": [
    {
      "layers": [
        {
          "counted": "allPods",
          "key": "check_org:org_golden:live",
          "keyWithoutCustomerId": "check_org:org_golden:live",
          "limit": 240000,
          "name": "check_org",
          "overLimit": "rejectAndQueueCreate",
          "overrideKey": "check_org",
          "runsWithoutCustomerId": true,
          "scope": "perOrg",
          "windowMs": 60000,
        },
        {
          "counted": "perPod",
          "key": "check:org_golden:live:cus_golden",
          "keyWithoutCustomerId": "check:org_golden:live:undefined",
          "limit": 10000,
          "name": "check",
          "overLimit": "reject",
          "overrideKey": "check",
          "runsWithoutCustomerId": true,
          "scope": "perCustomer",
          "windowMs": 1000,
        },
      ],
      "skipsTestsOrg": false,
      "versions": "2.4.0, 2.3.0, 2.2.0, 2.1.0, 2.0.0, beta, 1.2.0, 1.1.0, 0.2.0, 0.1.0, none",
    },
  ],
  "GET /v1/customers/cus_golden/entities/ent_golden": [
    {
      "layers": [
        {
          "counted": "allPods",
          "key": "check_org:org_golden:live",
          "keyWithoutCustomerId": "check_org:org_golden:live",
          "limit": 240000,
          "name": "check_org",
          "overLimit": "rejectAndQueueCreate",
          "overrideKey": "check_org",
          "runsWithoutCustomerId": true,
          "scope": "perOrg",
          "windowMs": 60000,
        },
        {
          "counted": "perPod",
          "key": "check:org_golden:live:cus_golden",
          "keyWithoutCustomerId": "check:org_golden:live:undefined",
          "limit": 10000,
          "name": "check",
          "overLimit": "reject",
          "overrideKey": "check",
          "runsWithoutCustomerId": true,
          "scope": "perCustomer",
          "windowMs": 1000,
        },
      ],
      "skipsTestsOrg": false,
      "versions": "2.4.0, 2.3.0, 2.2.0, 2.1.0, 2.0.0, beta, 1.2.0, 1.1.0, 0.2.0, 0.1.0, none",
    },
  ],
  "GET /v1/customers/cus_golden/events": [
    {
      "layers": [
        {
          "counted": "allPods",
          "key": "general:org_golden:live",
          "keyWithoutCustomerId": "general:org_golden:live",
          "limit": 25,
          "name": "general",
          "overLimit": "reject",
          "overrideKey": "general",
          "runsWithoutCustomerId": true,
          "scope": "perOrg",
          "windowMs": 1000,
        },
      ],
      "skipsTestsOrg": false,
      "versions": "2.4.0, 2.3.0, 2.2.0, 2.1.0, 2.0.0, beta, 1.2.0, 1.1.0, 0.2.0, 0.1.0, none",
    },
  ],
  "GET /v1/products": [
    {
      "layers": [
        {
          "counted": "allPods",
          "key": "general:org_golden:live",
          "keyWithoutCustomerId": "general:org_golden:live",
          "limit": 25,
          "name": "general",
          "overLimit": "reject",
          "overrideKey": "general",
          "runsWithoutCustomerId": true,
          "scope": "perOrg",
          "windowMs": 1000,
        },
      ],
      "skipsTestsOrg": false,
      "versions": "2.4.0, 2.3.0, 2.2.0, 2.1.0, 2.0.0, beta, 1.2.0, 1.1.0, 0.2.0, 0.1.0, none",
    },
  ],
  "POST /v1/attach": [
    {
      "layers": [
        {
          "counted": "allPods",
          "key": "attach:org_golden:live:cus_golden",
          "keyWithoutCustomerId": "attach:org_golden:live:undefined",
          "limit": 30,
          "name": "attach",
          "overLimit": "reject",
          "overrideKey": "attach",
          "runsWithoutCustomerId": true,
          "scope": "perCustomer",
          "windowMs": 60000,
        },
      ],
      "skipsTestsOrg": true,
      "versions": "2.4.0, 2.3.0, 2.2.0, 2.1.0, 2.0.0, beta, 1.2.0, 1.1.0, 0.2.0, 0.1.0, none",
    },
  ],
  "POST /v1/attach/preview": [
    {
      "layers": [
        {
          "counted": "allPods",
          "key": "general:org_golden:live",
          "keyWithoutCustomerId": "general:org_golden:live",
          "limit": 25,
          "name": "general",
          "overLimit": "reject",
          "overrideKey": "general",
          "runsWithoutCustomerId": true,
          "scope": "perOrg",
          "windowMs": 1000,
        },
      ],
      "skipsTestsOrg": false,
      "versions": "2.4.0, 2.3.0, 2.2.0, 2.1.0, 2.0.0, beta, 1.2.0, 1.1.0, 0.2.0, 0.1.0, none",
    },
  ],
  "POST /v1/balances.batch_track": [
    {
      "layers": [
        {
          "counted": "allPods",
          "key": "batch_track:org_golden:live",
          "keyWithoutCustomerId": "batch_track:org_golden:live",
          "limit": 10,
          "name": "batch_track",
          "overLimit": "reject",
          "overrideKey": "batch_track",
          "runsWithoutCustomerId": true,
          "scope": "perOrg",
          "windowMs": 1000,
        },
      ],
      "skipsTestsOrg": false,
      "versions": "2.4.0, 2.3.0, 2.2.0, 2.1.0, 2.0.0, beta, 1.2.0, 1.1.0, 0.2.0, 0.1.0, none",
    },
  ],
  "POST /v1/balances.batch_track_tokens": [
    {
      "layers": [
        {
          "counted": "allPods",
          "key": "batch_track:org_golden:live",
          "keyWithoutCustomerId": "batch_track:org_golden:live",
          "limit": 10,
          "name": "batch_track",
          "overLimit": "reject",
          "overrideKey": "batch_track",
          "runsWithoutCustomerId": true,
          "scope": "perOrg",
          "windowMs": 1000,
        },
      ],
      "skipsTestsOrg": false,
      "versions": "2.4.0, 2.3.0, 2.2.0, 2.1.0, 2.0.0, beta, 1.2.0, 1.1.0, 0.2.0, 0.1.0, none",
    },
  ],
  "POST /v1/balances.check": [
    {
      "layers": [
        {
          "counted": "allPods",
          "key": "check_org:org_golden:live",
          "keyWithoutCustomerId": "check_org:org_golden:live",
          "limit": 240000,
          "name": "check_org",
          "overLimit": "degrade",
          "overrideKey": "check_org",
          "runsWithoutCustomerId": true,
          "scope": "perOrg",
          "windowMs": 60000,
        },
        {
          "counted": "perPod",
          "key": "check:org_golden:live:cus_golden",
          "keyWithoutCustomerId": "check:org_golden:live:undefined",
          "limit": 10000,
          "name": "check",
          "overLimit": "reject",
          "overrideKey": "check",
          "runsWithoutCustomerId": true,
          "scope": "perCustomer",
          "windowMs": 1000,
        },
      ],
      "skipsTestsOrg": false,
      "versions": "2.4.0, 2.3.0, 2.2.0, 2.1.0, 2.0.0, beta, 1.2.0, 1.1.0, 0.2.0, 0.1.0, none",
    },
  ],
  "POST /v1/balances.finalize": [
    {
      "layers": [
        {
          "counted": "allPods",
          "key": "track_org:org_golden:live",
          "keyWithoutCustomerId": "track_org:org_golden:live",
          "limit": 120000,
          "name": "track_org",
          "overLimit": "degrade",
          "overrideKey": "track_org",
          "runsWithoutCustomerId": true,
          "scope": "perOrg",
          "windowMs": 60000,
        },
        {
          "counted": "perPod",
          "key": "track:org_golden:live:cus_golden",
          "keyWithoutCustomerId": "track:org_golden:live:undefined",
          "limit": 10000,
          "name": "track",
          "overLimit": "reject",
          "overrideKey": "track",
          "runsWithoutCustomerId": true,
          "scope": "perCustomer",
          "windowMs": 1000,
        },
      ],
      "skipsTestsOrg": false,
      "versions": "2.4.0, 2.3.0, 2.2.0, 2.1.0, 2.0.0, beta, 1.2.0, 1.1.0, 0.2.0, 0.1.0, none",
    },
  ],
  "POST /v1/balances.track": [
    {
      "layers": [
        {
          "counted": "allPods",
          "key": "track_org:org_golden:live",
          "keyWithoutCustomerId": "track_org:org_golden:live",
          "limit": 120000,
          "name": "track_org",
          "overLimit": "degrade",
          "overrideKey": "track_org",
          "runsWithoutCustomerId": true,
          "scope": "perOrg",
          "windowMs": 60000,
        },
        {
          "counted": "perPod",
          "key": "track:org_golden:live:cus_golden",
          "keyWithoutCustomerId": "track:org_golden:live:undefined",
          "limit": 10000,
          "name": "track",
          "overLimit": "reject",
          "overrideKey": "track",
          "runsWithoutCustomerId": true,
          "scope": "perCustomer",
          "windowMs": 1000,
        },
      ],
      "skipsTestsOrg": false,
      "versions": "2.4.0, 2.3.0, 2.2.0, 2.1.0, 2.0.0, beta, 1.2.0, 1.1.0, 0.2.0, 0.1.0, none",
    },
  ],
  "POST /v1/balances.track_tokens": [
    {
      "layers": [
        {
          "counted": "allPods",
          "key": "track_org:org_golden:live",
          "keyWithoutCustomerId": "track_org:org_golden:live",
          "limit": 120000,
          "name": "track_org",
          "overLimit": "degrade",
          "overrideKey": "track_org",
          "runsWithoutCustomerId": true,
          "scope": "perOrg",
          "windowMs": 60000,
        },
        {
          "counted": "perPod",
          "key": "track:org_golden:live:cus_golden",
          "keyWithoutCustomerId": "track:org_golden:live:undefined",
          "limit": 10000,
          "name": "track",
          "overLimit": "reject",
          "overrideKey": "track",
          "runsWithoutCustomerId": true,
          "scope": "perCustomer",
          "windowMs": 1000,
        },
      ],
      "skipsTestsOrg": false,
      "versions": "2.4.0, 2.3.0, 2.2.0, 2.1.0, 2.0.0, beta, 1.2.0, 1.1.0, 0.2.0, 0.1.0, none",
    },
  ],
  "POST /v1/balances.update": [
    {
      "layers": [
        {
          "counted": "allPods",
          "key": "track_org:org_golden:live",
          "keyWithoutCustomerId": "track_org:org_golden:live",
          "limit": 120000,
          "name": "track_org",
          "overLimit": "degrade",
          "overrideKey": "track_org",
          "runsWithoutCustomerId": true,
          "scope": "perOrg",
          "windowMs": 60000,
        },
        {
          "counted": "perPod",
          "key": "track:org_golden:live:cus_golden",
          "keyWithoutCustomerId": "track:org_golden:live:undefined",
          "limit": 10000,
          "name": "track",
          "overLimit": "reject",
          "overrideKey": "track",
          "runsWithoutCustomerId": true,
          "scope": "perCustomer",
          "windowMs": 1000,
        },
      ],
      "skipsTestsOrg": false,
      "versions": "2.4.0, 2.3.0, 2.2.0, 2.1.0, 2.0.0, beta, 1.2.0, 1.1.0, 0.2.0, 0.1.0, none",
    },
  ],
  "POST /v1/balances/update": [
    {
      "layers": [
        {
          "counted": "allPods",
          "key": "track_org:org_golden:live",
          "keyWithoutCustomerId": "track_org:org_golden:live",
          "limit": 120000,
          "name": "track_org",
          "overLimit": "degrade",
          "overrideKey": "track_org",
          "runsWithoutCustomerId": true,
          "scope": "perOrg",
          "windowMs": 60000,
        },
        {
          "counted": "perPod",
          "key": "track:org_golden:live:cus_golden",
          "keyWithoutCustomerId": "track:org_golden:live:undefined",
          "limit": 10000,
          "name": "track",
          "overLimit": "reject",
          "overrideKey": "track",
          "runsWithoutCustomerId": true,
          "scope": "perCustomer",
          "windowMs": 1000,
        },
      ],
      "skipsTestsOrg": false,
      "versions": "2.4.0, 2.3.0, 2.2.0, 2.1.0, 2.0.0, beta, 1.2.0, 1.1.0, 0.2.0, 0.1.0, none",
    },
  ],
  "POST /v1/billing.attach": [
    {
      "layers": [
        {
          "counted": "allPods",
          "key": "attach:org_golden:live:cus_golden",
          "keyWithoutCustomerId": "attach:org_golden:live:undefined",
          "limit": 30,
          "name": "attach",
          "overLimit": "reject",
          "overrideKey": "attach",
          "runsWithoutCustomerId": true,
          "scope": "perCustomer",
          "windowMs": 60000,
        },
      ],
      "skipsTestsOrg": true,
      "versions": "2.4.0, 2.3.0, 2.2.0, 2.1.0, 2.0.0, beta, 1.2.0, 1.1.0, 0.2.0, 0.1.0, none",
    },
  ],
  "POST /v1/billing.multi_attach": [
    {
      "layers": [
        {
          "counted": "allPods",
          "key": "attach:org_golden:live:cus_golden",
          "keyWithoutCustomerId": "attach:org_golden:live:undefined",
          "limit": 30,
          "name": "attach",
          "overLimit": "reject",
          "overrideKey": "attach",
          "runsWithoutCustomerId": true,
          "scope": "perCustomer",
          "windowMs": 60000,
        },
      ],
      "skipsTestsOrg": true,
      "versions": "2.4.0, 2.3.0, 2.2.0, 2.1.0, 2.0.0, beta, 1.2.0, 1.1.0, 0.2.0, 0.1.0, none",
    },
  ],
  "POST /v1/billing.open_customer_portal": [
    {
      "layers": [
        {
          "counted": "allPods",
          "key": "general:org_golden:live",
          "keyWithoutCustomerId": "general:org_golden:live",
          "limit": 25,
          "name": "general",
          "overLimit": "reject",
          "overrideKey": "general",
          "runsWithoutCustomerId": true,
          "scope": "perOrg",
          "windowMs": 1000,
        },
      ],
      "skipsTestsOrg": false,
      "versions": "2.4.0, 2.3.0, 2.2.0, 2.1.0, 2.0.0, beta, 1.2.0, 1.1.0, 0.2.0, 0.1.0, none",
    },
  ],
  "POST /v1/billing.preview_attach": [
    {
      "layers": [
        {
          "counted": "allPods",
          "key": "general:org_golden:live",
          "keyWithoutCustomerId": "general:org_golden:live",
          "limit": 25,
          "name": "general",
          "overLimit": "reject",
          "overrideKey": "general",
          "runsWithoutCustomerId": true,
          "scope": "perOrg",
          "windowMs": 1000,
        },
      ],
      "skipsTestsOrg": false,
      "versions": "2.4.0, 2.3.0, 2.2.0, 2.1.0, 2.0.0, beta, 1.2.0, 1.1.0, 0.2.0, 0.1.0, none",
    },
  ],
  "POST /v1/billing.preview_multi_attach": [
    {
      "layers": [
        {
          "counted": "allPods",
          "key": "general:org_golden:live",
          "keyWithoutCustomerId": "general:org_golden:live",
          "limit": 25,
          "name": "general",
          "overLimit": "reject",
          "overrideKey": "general",
          "runsWithoutCustomerId": true,
          "scope": "perOrg",
          "windowMs": 1000,
        },
      ],
      "skipsTestsOrg": false,
      "versions": "2.4.0, 2.3.0, 2.2.0, 2.1.0, 2.0.0, beta, 1.2.0, 1.1.0, 0.2.0, 0.1.0, none",
    },
  ],
  "POST /v1/billing.preview_sync_v2": [
    {
      "layers": [
        {
          "counted": "allPods",
          "key": "attach:org_golden:live:cus_golden",
          "keyWithoutCustomerId": "attach:org_golden:live:undefined",
          "limit": 30,
          "name": "attach",
          "overLimit": "reject",
          "overrideKey": "attach",
          "runsWithoutCustomerId": true,
          "scope": "perCustomer",
          "windowMs": 60000,
        },
      ],
      "skipsTestsOrg": true,
      "versions": "2.4.0, 2.3.0, 2.2.0, 2.1.0, 2.0.0, beta, 1.2.0, 1.1.0, 0.2.0, 0.1.0, none",
    },
  ],
  "POST /v1/billing.preview_update": [
    {
      "layers": [
        {
          "counted": "allPods",
          "key": "general:org_golden:live",
          "keyWithoutCustomerId": "general:org_golden:live",
          "limit": 25,
          "name": "general",
          "overLimit": "reject",
          "overrideKey": "general",
          "runsWithoutCustomerId": true,
          "scope": "perOrg",
          "windowMs": 1000,
        },
      ],
      "skipsTestsOrg": false,
      "versions": "2.4.0, 2.3.0, 2.2.0, 2.1.0, 2.0.0, beta, 1.2.0, 1.1.0, 0.2.0, 0.1.0, none",
    },
  ],
  "POST /v1/billing.setup_payment": [
    {
      "layers": [
        {
          "counted": "allPods",
          "key": "attach:org_golden:live:cus_golden",
          "keyWithoutCustomerId": "attach:org_golden:live:undefined",
          "limit": 30,
          "name": "attach",
          "overLimit": "reject",
          "overrideKey": "attach",
          "runsWithoutCustomerId": true,
          "scope": "perCustomer",
          "windowMs": 60000,
        },
      ],
      "skipsTestsOrg": true,
      "versions": "2.4.0, 2.3.0, 2.2.0, 2.1.0, 2.0.0, beta, 1.2.0, 1.1.0, 0.2.0, 0.1.0, none",
    },
  ],
  "POST /v1/billing.sync": [
    {
      "layers": [
        {
          "counted": "allPods",
          "key": "attach:org_golden:live:cus_golden",
          "keyWithoutCustomerId": "attach:org_golden:live:undefined",
          "limit": 30,
          "name": "attach",
          "overLimit": "reject",
          "overrideKey": "attach",
          "runsWithoutCustomerId": true,
          "scope": "perCustomer",
          "windowMs": 60000,
        },
      ],
      "skipsTestsOrg": true,
      "versions": "2.4.0, 2.3.0, 2.2.0, 2.1.0, 2.0.0, beta, 1.2.0, 1.1.0, 0.2.0, 0.1.0, none",
    },
  ],
  "POST /v1/billing.sync_proposals": [
    {
      "layers": [
        {
          "counted": "allPods",
          "key": "attach:org_golden:live:cus_golden",
          "keyWithoutCustomerId": "attach:org_golden:live:undefined",
          "limit": 30,
          "name": "attach",
          "overLimit": "reject",
          "overrideKey": "attach",
          "runsWithoutCustomerId": true,
          "scope": "perCustomer",
          "windowMs": 60000,
        },
      ],
      "skipsTestsOrg": true,
      "versions": "2.4.0, 2.3.0, 2.2.0, 2.1.0, 2.0.0, beta, 1.2.0, 1.1.0, 0.2.0, 0.1.0, none",
    },
  ],
  "POST /v1/billing.sync_proposals_v2": [
    {
      "layers": [
        {
          "counted": "allPods",
          "key": "attach:org_golden:live:cus_golden",
          "keyWithoutCustomerId": "attach:org_golden:live:undefined",
          "limit": 30,
          "name": "attach",
          "overLimit": "reject",
          "overrideKey": "attach",
          "runsWithoutCustomerId": true,
          "scope": "perCustomer",
          "windowMs": 60000,
        },
      ],
      "skipsTestsOrg": true,
      "versions": "2.4.0, 2.3.0, 2.2.0, 2.1.0, 2.0.0, beta, 1.2.0, 1.1.0, 0.2.0, 0.1.0, none",
    },
  ],
  "POST /v1/billing.sync_v2": [
    {
      "layers": [
        {
          "counted": "allPods",
          "key": "attach:org_golden:live:cus_golden",
          "keyWithoutCustomerId": "attach:org_golden:live:undefined",
          "limit": 30,
          "name": "attach",
          "overLimit": "reject",
          "overrideKey": "attach",
          "runsWithoutCustomerId": true,
          "scope": "perCustomer",
          "windowMs": 60000,
        },
      ],
      "skipsTestsOrg": true,
      "versions": "2.4.0, 2.3.0, 2.2.0, 2.1.0, 2.0.0, beta, 1.2.0, 1.1.0, 0.2.0, 0.1.0, none",
    },
  ],
  "POST /v1/billing.update": [
    {
      "layers": [
        {
          "counted": "allPods",
          "key": "attach:org_golden:live:cus_golden",
          "keyWithoutCustomerId": "attach:org_golden:live:undefined",
          "limit": 30,
          "name": "attach",
          "overLimit": "reject",
          "overrideKey": "attach",
          "runsWithoutCustomerId": true,
          "scope": "perCustomer",
          "windowMs": 60000,
        },
      ],
      "skipsTestsOrg": true,
      "versions": "2.4.0, 2.3.0, 2.2.0, 2.1.0, 2.0.0, beta, 1.2.0, 1.1.0, 0.2.0, 0.1.0, none",
    },
  ],
  "POST /v1/cancel": [
    {
      "layers": [
        {
          "counted": "allPods",
          "key": "attach:org_golden:live:cus_golden",
          "keyWithoutCustomerId": "attach:org_golden:live:undefined",
          "limit": 30,
          "name": "attach",
          "overLimit": "reject",
          "overrideKey": "attach",
          "runsWithoutCustomerId": true,
          "scope": "perCustomer",
          "windowMs": 60000,
        },
      ],
      "skipsTestsOrg": true,
      "versions": "2.4.0, 2.3.0, 2.2.0, 2.1.0, 2.0.0, beta, 1.2.0, 1.1.0, 0.2.0, 0.1.0, none",
    },
  ],
  "POST /v1/check": [
    {
      "layers": [
        {
          "counted": "allPods",
          "key": "check_org:org_golden:live",
          "keyWithoutCustomerId": "check_org:org_golden:live",
          "limit": 240000,
          "name": "check_org",
          "overLimit": "degrade",
          "overrideKey": "check_org",
          "runsWithoutCustomerId": true,
          "scope": "perOrg",
          "windowMs": 60000,
        },
        {
          "counted": "perPod",
          "key": "check:org_golden:live:cus_golden",
          "keyWithoutCustomerId": "check:org_golden:live:undefined",
          "limit": 10000,
          "name": "check",
          "overLimit": "reject",
          "overrideKey": "check",
          "runsWithoutCustomerId": true,
          "scope": "perCustomer",
          "windowMs": 1000,
        },
      ],
      "skipsTestsOrg": false,
      "versions": "2.4.0, 2.3.0, 2.2.0, 2.1.0, 2.0.0, beta, 1.2.0, 1.1.0, 0.2.0, 0.1.0, none",
    },
  ],
  "POST /v1/checkout": [
    {
      "layers": [
        {
          "counted": "allPods",
          "key": "general:org_golden:live",
          "keyWithoutCustomerId": "general:org_golden:live",
          "limit": 25,
          "name": "general",
          "overLimit": "reject",
          "overrideKey": "general",
          "runsWithoutCustomerId": true,
          "scope": "perOrg",
          "windowMs": 1000,
        },
      ],
      "skipsTestsOrg": false,
      "versions": "2.4.0, 2.3.0, 2.2.0, 2.1.0, 2.0.0, beta, 1.2.0, 1.1.0, 0.2.0, 0.1.0, none",
    },
  ],
  "POST /v1/customers": [
    {
      "layers": [
        {
          "counted": "allPods",
          "key": "check_org:org_golden:live",
          "keyWithoutCustomerId": "check_org:org_golden:live",
          "limit": 240000,
          "name": "check_org",
          "overLimit": "rejectAndQueueCreate",
          "overrideKey": "check_org",
          "runsWithoutCustomerId": true,
          "scope": "perOrg",
          "windowMs": 60000,
        },
        {
          "counted": "perPod",
          "key": "check:org_golden:live:cus_golden",
          "keyWithoutCustomerId": "check:org_golden:live:undefined",
          "limit": 10000,
          "name": "check",
          "overLimit": "reject",
          "overrideKey": "check",
          "runsWithoutCustomerId": true,
          "scope": "perCustomer",
          "windowMs": 1000,
        },
      ],
      "skipsTestsOrg": false,
      "versions": "2.4.0, 2.3.0, 2.2.0, 2.1.0, 2.0.0, beta, 1.2.0, 1.1.0, 0.2.0, 0.1.0, none",
    },
  ],
  "POST /v1/customers.get": [
    {
      "layers": [
        {
          "counted": "allPods",
          "key": "check_org:org_golden:live",
          "keyWithoutCustomerId": "check_org:org_golden:live",
          "limit": 240000,
          "name": "check_org",
          "overLimit": "rejectAndQueueCreate",
          "overrideKey": "check_org",
          "runsWithoutCustomerId": true,
          "scope": "perOrg",
          "windowMs": 60000,
        },
        {
          "counted": "perPod",
          "key": "check:org_golden:live:cus_golden",
          "keyWithoutCustomerId": "check:org_golden:live:undefined",
          "limit": 10000,
          "name": "check",
          "overLimit": "reject",
          "overrideKey": "check",
          "runsWithoutCustomerId": true,
          "scope": "perCustomer",
          "windowMs": 1000,
        },
      ],
      "skipsTestsOrg": false,
      "versions": "2.4.0, 2.3.0, 2.2.0, 2.1.0, 2.0.0, beta, 1.2.0, 1.1.0, 0.2.0, 0.1.0, none",
    },
  ],
  "POST /v1/customers.get_or_create": [
    {
      "layers": [
        {
          "counted": "allPods",
          "key": "check_org:org_golden:live",
          "keyWithoutCustomerId": "check_org:org_golden:live",
          "limit": 240000,
          "name": "check_org",
          "overLimit": "rejectAndQueueCreate",
          "overrideKey": "check_org",
          "runsWithoutCustomerId": true,
          "scope": "perOrg",
          "windowMs": 60000,
        },
        {
          "counted": "perPod",
          "key": "check:org_golden:live:cus_golden",
          "keyWithoutCustomerId": "check:org_golden:live:undefined",
          "limit": 10000,
          "name": "check",
          "overLimit": "reject",
          "overrideKey": "check",
          "runsWithoutCustomerId": true,
          "scope": "perCustomer",
          "windowMs": 1000,
        },
      ],
      "skipsTestsOrg": false,
      "versions": "2.4.0, 2.3.0, 2.2.0, 2.1.0, 2.0.0, beta, 1.2.0, 1.1.0, 0.2.0, 0.1.0, none",
    },
  ],
  "POST /v1/customers.list": [
    {
      "layers": [
        {
          "counted": "allPods",
          "key": "list_customers:org_golden:live",
          "keyWithoutCustomerId": "list_customers:org_golden:live",
          "limit": 5,
          "name": "list_customers",
          "overLimit": "reject",
          "overrideKey": "list_customers",
          "runsWithoutCustomerId": true,
          "scope": "perOrg",
          "windowMs": 1000,
        },
      ],
      "skipsTestsOrg": false,
      "versions": "2.4.0, none",
    },
    {
      "layers": [
        {
          "counted": "allPods",
          "key": "list_customers:org_golden:live:v2.3.0",
          "keyWithoutCustomerId": "list_customers:org_golden:live:v2.3.0",
          "limit": 50,
          "name": "list_customers",
          "overLimit": "reject",
          "overrideKey": "list_customers",
          "runsWithoutCustomerId": true,
          "scope": "perOrg",
          "windowMs": 1000,
        },
      ],
      "skipsTestsOrg": false,
      "versions": "2.3.0",
    },
    {
      "layers": [
        {
          "counted": "allPods",
          "key": "list_customers:org_golden:live:v2.2.0",
          "keyWithoutCustomerId": "list_customers:org_golden:live:v2.2.0",
          "limit": 5,
          "name": "list_customers",
          "overLimit": "reject",
          "overrideKey": "list_customers",
          "runsWithoutCustomerId": true,
          "scope": "perOrg",
          "windowMs": 1000,
        },
      ],
      "skipsTestsOrg": false,
      "versions": "2.2.0, 2.1.0, 2.0.0, beta, 1.2.0, 1.1.0, 0.2.0, 0.1.0",
    },
  ],
  "POST /v1/customers/list": [
    {
      "layers": [
        {
          "counted": "allPods",
          "key": "list_customers:org_golden:live",
          "keyWithoutCustomerId": "list_customers:org_golden:live",
          "limit": 5,
          "name": "list_customers",
          "overLimit": "reject",
          "overrideKey": "list_customers",
          "runsWithoutCustomerId": true,
          "scope": "perOrg",
          "windowMs": 1000,
        },
      ],
      "skipsTestsOrg": false,
      "versions": "2.4.0, none",
    },
    {
      "layers": [
        {
          "counted": "allPods",
          "key": "list_customers:org_golden:live:v2.3.0",
          "keyWithoutCustomerId": "list_customers:org_golden:live:v2.3.0",
          "limit": 50,
          "name": "list_customers",
          "overLimit": "reject",
          "overrideKey": "list_customers",
          "runsWithoutCustomerId": true,
          "scope": "perOrg",
          "windowMs": 1000,
        },
      ],
      "skipsTestsOrg": false,
      "versions": "2.3.0",
    },
    {
      "layers": [
        {
          "counted": "allPods",
          "key": "list_customers:org_golden:live:v2.2.0",
          "keyWithoutCustomerId": "list_customers:org_golden:live:v2.2.0",
          "limit": 5,
          "name": "list_customers",
          "overLimit": "reject",
          "overrideKey": "list_customers",
          "runsWithoutCustomerId": true,
          "scope": "perOrg",
          "windowMs": 1000,
        },
      ],
      "skipsTestsOrg": false,
      "versions": "2.2.0, 2.1.0, 2.0.0, beta, 1.2.0, 1.1.0, 0.2.0, 0.1.0",
    },
  ],
  "POST /v1/entities.get": [
    {
      "layers": [
        {
          "counted": "allPods",
          "key": "entities_get_org:org_golden:live",
          "keyWithoutCustomerId": "entities_get_org:org_golden:live",
          "limit": 90000,
          "name": "entities_get_org",
          "overLimit": "reject",
          "overrideKey": "entities_get_org",
          "runsWithoutCustomerId": true,
          "scope": "perOrg",
          "windowMs": 60000,
        },
        {
          "counted": "allPods",
          "key": "customer_entities_get:org_golden:live:cus_golden",
          "keyWithoutCustomerId": "customer_entities_get:org_golden:live:undefined",
          "limit": 50,
          "name": "customer_entities_get",
          "overLimit": "reject",
          "overrideKey": "customer_entities_get",
          "runsWithoutCustomerId": true,
          "scope": "perCustomer",
          "windowMs": 1000,
        },
      ],
      "skipsTestsOrg": false,
      "versions": "2.4.0, 2.3.0, 2.2.0, 2.1.0, 2.0.0, beta, 1.2.0, 1.1.0, 0.2.0, 0.1.0, none",
    },
  ],
  "POST /v1/entities.list": [
    {
      "layers": [
        {
          "counted": "allPods",
          "key": "list_customers:org_golden:live",
          "keyWithoutCustomerId": "list_customers:org_golden:live",
          "limit": 5,
          "name": "list_customers",
          "overLimit": "reject",
          "overrideKey": "list_customers",
          "runsWithoutCustomerId": true,
          "scope": "perOrg",
          "windowMs": 1000,
        },
        {
          "counted": "allPods",
          "key": "entities_list:org_golden:live:cus_golden",
          "keyWithoutCustomerId": "entities_list:org_golden:live:undefined",
          "limit": 10,
          "name": "entities_list",
          "overLimit": "reject",
          "overrideKey": "entities_list",
          "runsWithoutCustomerId": false,
          "scope": "perCustomer",
          "windowMs": 1000,
        },
      ],
      "skipsTestsOrg": false,
      "versions": "2.4.0, none",
    },
    {
      "layers": [
        {
          "counted": "allPods",
          "key": "list_customers:org_golden:live:v2.3.0",
          "keyWithoutCustomerId": "list_customers:org_golden:live:v2.3.0",
          "limit": 50,
          "name": "list_customers",
          "overLimit": "reject",
          "overrideKey": "list_customers",
          "runsWithoutCustomerId": true,
          "scope": "perOrg",
          "windowMs": 1000,
        },
        {
          "counted": "allPods",
          "key": "entities_list:org_golden:live:cus_golden",
          "keyWithoutCustomerId": "entities_list:org_golden:live:undefined",
          "limit": 10,
          "name": "entities_list",
          "overLimit": "reject",
          "overrideKey": "entities_list",
          "runsWithoutCustomerId": false,
          "scope": "perCustomer",
          "windowMs": 1000,
        },
      ],
      "skipsTestsOrg": false,
      "versions": "2.3.0",
    },
    {
      "layers": [
        {
          "counted": "allPods",
          "key": "list_customers:org_golden:live:v2.2.0",
          "keyWithoutCustomerId": "list_customers:org_golden:live:v2.2.0",
          "limit": 5,
          "name": "list_customers",
          "overLimit": "reject",
          "overrideKey": "list_customers",
          "runsWithoutCustomerId": true,
          "scope": "perOrg",
          "windowMs": 1000,
        },
        {
          "counted": "allPods",
          "key": "entities_list:org_golden:live:cus_golden",
          "keyWithoutCustomerId": "entities_list:org_golden:live:undefined",
          "limit": 10,
          "name": "entities_list",
          "overLimit": "reject",
          "overrideKey": "entities_list",
          "runsWithoutCustomerId": false,
          "scope": "perCustomer",
          "windowMs": 1000,
        },
      ],
      "skipsTestsOrg": false,
      "versions": "2.2.0, 2.1.0, 2.0.0, beta, 1.2.0, 1.1.0, 0.2.0, 0.1.0",
    },
  ],
  "POST /v1/entitled": [
    {
      "layers": [
        {
          "counted": "allPods",
          "key": "check_org:org_golden:live",
          "keyWithoutCustomerId": "check_org:org_golden:live",
          "limit": 240000,
          "name": "check_org",
          "overLimit": "degrade",
          "overrideKey": "check_org",
          "runsWithoutCustomerId": true,
          "scope": "perOrg",
          "windowMs": 60000,
        },
        {
          "counted": "perPod",
          "key": "check:org_golden:live:cus_golden",
          "keyWithoutCustomerId": "check:org_golden:live:undefined",
          "limit": 10000,
          "name": "check",
          "overLimit": "reject",
          "overrideKey": "check",
          "runsWithoutCustomerId": true,
          "scope": "perCustomer",
          "windowMs": 1000,
        },
      ],
      "skipsTestsOrg": false,
      "versions": "2.4.0, 2.3.0, 2.2.0, 2.1.0, 2.0.0, beta, 1.2.0, 1.1.0, 0.2.0, 0.1.0, none",
    },
  ],
  "POST /v1/events": [
    {
      "layers": [
        {
          "counted": "allPods",
          "key": "track_org:org_golden:live",
          "keyWithoutCustomerId": "track_org:org_golden:live",
          "limit": 120000,
          "name": "track_org",
          "overLimit": "degrade",
          "overrideKey": "track_org",
          "runsWithoutCustomerId": true,
          "scope": "perOrg",
          "windowMs": 60000,
        },
        {
          "counted": "perPod",
          "key": "track:org_golden:live:cus_golden",
          "keyWithoutCustomerId": "track:org_golden:live:undefined",
          "limit": 10000,
          "name": "track",
          "overLimit": "reject",
          "overrideKey": "track",
          "runsWithoutCustomerId": true,
          "scope": "perCustomer",
          "windowMs": 1000,
        },
      ],
      "skipsTestsOrg": false,
      "versions": "2.4.0, 2.3.0, 2.2.0, 2.1.0, 2.0.0, beta, 1.2.0, 1.1.0, 0.2.0, 0.1.0, none",
    },
  ],
  "POST /v1/events.aggregate": [
    {
      "layers": [
        {
          "counted": "allPods",
          "key": "events:org_golden:live:cus_golden",
          "keyWithoutCustomerId": "events:org_golden:live:undefined",
          "limit": 5,
          "name": "events",
          "overLimit": "reject",
          "overrideKey": "events",
          "runsWithoutCustomerId": true,
          "scope": "perCustomer",
          "windowMs": 1000,
        },
      ],
      "skipsTestsOrg": false,
      "versions": "2.4.0, 2.3.0, 2.2.0, 2.1.0, 2.0.0, beta, 1.2.0, 1.1.0, 0.2.0, 0.1.0, none",
    },
  ],
  "POST /v1/events.list": [
    {
      "layers": [
        {
          "counted": "allPods",
          "key": "events:org_golden:live:cus_golden",
          "keyWithoutCustomerId": "events:org_golden:live:undefined",
          "limit": 5,
          "name": "events",
          "overLimit": "reject",
          "overrideKey": "events",
          "runsWithoutCustomerId": true,
          "scope": "perCustomer",
          "windowMs": 1000,
        },
      ],
      "skipsTestsOrg": false,
      "versions": "2.4.0, 2.3.0, 2.2.0, 2.1.0, 2.0.0, beta, 1.2.0, 1.1.0, 0.2.0, 0.1.0, none",
    },
  ],
  "POST /v1/events/aggregate": [
    {
      "layers": [
        {
          "counted": "allPods",
          "key": "events:org_golden:live:cus_golden",
          "keyWithoutCustomerId": "events:org_golden:live:undefined",
          "limit": 5,
          "name": "events",
          "overLimit": "reject",
          "overrideKey": "events",
          "runsWithoutCustomerId": true,
          "scope": "perCustomer",
          "windowMs": 1000,
        },
      ],
      "skipsTestsOrg": false,
      "versions": "2.4.0, 2.3.0, 2.2.0, 2.1.0, 2.0.0, beta, 1.2.0, 1.1.0, 0.2.0, 0.1.0, none",
    },
  ],
  "POST /v1/events/list": [
    {
      "layers": [
        {
          "counted": "allPods",
          "key": "events:org_golden:live:cus_golden",
          "keyWithoutCustomerId": "events:org_golden:live:undefined",
          "limit": 5,
          "name": "events",
          "overLimit": "reject",
          "overrideKey": "events",
          "runsWithoutCustomerId": true,
          "scope": "perCustomer",
          "windowMs": 1000,
        },
      ],
      "skipsTestsOrg": false,
      "versions": "2.4.0, 2.3.0, 2.2.0, 2.1.0, 2.0.0, beta, 1.2.0, 1.1.0, 0.2.0, 0.1.0, none",
    },
  ],
  "POST /v1/logs.query": [
    {
      "layers": [
        {
          "counted": "allPods",
          "key": "logs:org_golden:live",
          "keyWithoutCustomerId": "logs:org_golden:live",
          "limit": 10,
          "name": "logs",
          "overLimit": "reject",
          "overrideKey": "logs",
          "runsWithoutCustomerId": true,
          "scope": "perOrg",
          "windowMs": 1000,
        },
      ],
      "skipsTestsOrg": false,
      "versions": "2.4.0, 2.3.0, 2.2.0, 2.1.0, 2.0.0, beta, 1.2.0, 1.1.0, 0.2.0, 0.1.0, none",
    },
  ],
  "POST /v1/logs.search": [
    {
      "layers": [
        {
          "counted": "allPods",
          "key": "logs:org_golden:live",
          "keyWithoutCustomerId": "logs:org_golden:live",
          "limit": 10,
          "name": "logs",
          "overLimit": "reject",
          "overrideKey": "logs",
          "runsWithoutCustomerId": true,
          "scope": "perOrg",
          "windowMs": 1000,
        },
      ],
      "skipsTestsOrg": false,
      "versions": "2.4.0, 2.3.0, 2.2.0, 2.1.0, 2.0.0, beta, 1.2.0, 1.1.0, 0.2.0, 0.1.0, none",
    },
  ],
  "POST /v1/query": [
    {
      "layers": [
        {
          "counted": "allPods",
          "key": "events:org_golden:live:cus_golden",
          "keyWithoutCustomerId": "events:org_golden:live:undefined",
          "limit": 5,
          "name": "events",
          "overLimit": "reject",
          "overrideKey": "events",
          "runsWithoutCustomerId": true,
          "scope": "perCustomer",
          "windowMs": 1000,
        },
      ],
      "skipsTestsOrg": false,
      "versions": "2.4.0, 2.3.0, 2.2.0, 2.1.0, 2.0.0, beta, 1.2.0, 1.1.0, 0.2.0, 0.1.0, none",
    },
  ],
  "POST /v1/setup_payment": [
    {
      "layers": [
        {
          "counted": "allPods",
          "key": "attach:org_golden:live:cus_golden",
          "keyWithoutCustomerId": "attach:org_golden:live:undefined",
          "limit": 30,
          "name": "attach",
          "overLimit": "reject",
          "overrideKey": "attach",
          "runsWithoutCustomerId": true,
          "scope": "perCustomer",
          "windowMs": 60000,
        },
      ],
      "skipsTestsOrg": true,
      "versions": "2.4.0, 2.3.0, 2.2.0, 2.1.0, 2.0.0, beta, 1.2.0, 1.1.0, 0.2.0, 0.1.0, none",
    },
  ],
  "POST /v1/track": [
    {
      "layers": [
        {
          "counted": "allPods",
          "key": "track_org:org_golden:live",
          "keyWithoutCustomerId": "track_org:org_golden:live",
          "limit": 120000,
          "name": "track_org",
          "overLimit": "degrade",
          "overrideKey": "track_org",
          "runsWithoutCustomerId": true,
          "scope": "perOrg",
          "windowMs": 60000,
        },
        {
          "counted": "perPod",
          "key": "track:org_golden:live:cus_golden",
          "keyWithoutCustomerId": "track:org_golden:live:undefined",
          "limit": 10000,
          "name": "track",
          "overLimit": "reject",
          "overrideKey": "track",
          "runsWithoutCustomerId": true,
          "scope": "perCustomer",
          "windowMs": 1000,
        },
      ],
      "skipsTestsOrg": false,
      "versions": "2.4.0, 2.3.0, 2.2.0, 2.1.0, 2.0.0, beta, 1.2.0, 1.1.0, 0.2.0, 0.1.0, none",
    },
  ],
  "POST /v1/track_tokens": [
    {
      "layers": [
        {
          "counted": "allPods",
          "key": "track_org:org_golden:live",
          "keyWithoutCustomerId": "track_org:org_golden:live",
          "limit": 120000,
          "name": "track_org",
          "overLimit": "degrade",
          "overrideKey": "track_org",
          "runsWithoutCustomerId": true,
          "scope": "perOrg",
          "windowMs": 60000,
        },
        {
          "counted": "perPod",
          "key": "track:org_golden:live:cus_golden",
          "keyWithoutCustomerId": "track:org_golden:live:undefined",
          "limit": 10000,
          "name": "track",
          "overLimit": "reject",
          "overrideKey": "track",
          "runsWithoutCustomerId": true,
          "scope": "perCustomer",
          "windowMs": 1000,
        },
      ],
      "skipsTestsOrg": false,
      "versions": "2.4.0, 2.3.0, 2.2.0, 2.1.0, 2.0.0, beta, 1.2.0, 1.1.0, 0.2.0, 0.1.0, none",
    },
  ],
  "POST /v1/usage": [
    {
      "layers": [
        {
          "counted": "allPods",
          "key": "track_org:org_golden:live",
          "keyWithoutCustomerId": "track_org:org_golden:live",
          "limit": 120000,
          "name": "track_org",
          "overLimit": "degrade",
          "overrideKey": "track_org",
          "runsWithoutCustomerId": true,
          "scope": "perOrg",
          "windowMs": 60000,
        },
        {
          "counted": "perPod",
          "key": "track:org_golden:live:cus_golden",
          "keyWithoutCustomerId": "track:org_golden:live:undefined",
          "limit": 10000,
          "name": "track",
          "overLimit": "reject",
          "overrideKey": "track",
          "runsWithoutCustomerId": true,
          "scope": "perCustomer",
          "windowMs": 1000,
        },
      ],
      "skipsTestsOrg": false,
      "versions": "2.4.0, 2.3.0, 2.2.0, 2.1.0, 2.0.0, beta, 1.2.0, 1.1.0, 0.2.0, 0.1.0, none",
    },
  ],
}
`;

exports[`rate-limit golden resolution admin defaults match the recorded layer defaults 1`] = `
{
  "attach": {
    "limit": 30,
    "scope": "customer",
    "windowMs": 60000,
  },
  "batch_track": {
    "limit": 10,
    "scope": "org",
    "windowMs": 1000,
  },
  "check": {
    "limit": 10000,
    "scope": "customer_with_url_fallback",
    "windowMs": 1000,
  },
  "check_org": {
    "limit": 240000,
    "scope": "org",
    "windowMs": 60000,
  },
  "customer_entities_get": {
    "limit": 50,
    "scope": "customer",
    "windowMs": 1000,
  },
  "entities_get_org": {
    "limit": 90000,
    "scope": "org",
    "windowMs": 60000,
  },
  "entities_list": {
    "limit": 10,
    "scope": "customer",
    "windowMs": 1000,
  },
  "events": {
    "limit": 5,
    "scope": "customer",
    "windowMs": 1000,
  },
  "general": {
    "limit": 25,
    "scope": "org",
    "windowMs": 1000,
  },
  "list_customers": {
    "limit": 5,
    "scope": "org",
    "windowMs": 1000,
  },
  "logs": {
    "limit": 10,
    "scope": "org",
    "windowMs": 1000,
  },
  "track": {
    "limit": 10000,
    "scope": "customer",
    "windowMs": 1000,
  },
  "track_org": {
    "limit": 120000,
    "scope": "org",
    "windowMs": 60000,
  },
}
`;
